{
  "name": "Map: 2 gets and conditional set vs 1 get and 1 set ",
  "date": "2025-04-22T09:55:49.800Z",
  "version": null,
  "results": [
    {
      "name": "2 gets + conditional set",
      "ops": 103125.62,
      "margin": 0.13,
      "percentSlower": 0
    },
    {
      "name": "1 get 1 set",
      "ops": 101387.97,
      "margin": 0.38,
      "percentSlower": 49.98
    }
  ],
  "fastest": {
    "name": "2 gets + conditional set",
    "index": 0
  },
  "slowest": {
    "name": "1 get 1 set",
    "index": 1
  }
}
