{
  "name": "BigInt compare",
  "date": "2024-09-09T22:50:08.461Z",
  "version": null,
  "results": null,
  "slowest": {
    "name": "compare bigint",
    "index": 1
  },
  "fastest": {
    "name": "compare custom",
    "index": 0
  }
}
