{
  "name": "Sequence Views",
  "date": "2024-12-08T09:35:35.899Z",
  "version": null,
  "results": [
    {
      "name": "Get first element from Decoded",
      "ops": 31173.02,
      "margin": 0.56
    },
    {
      "name": "Get first element from View",
      "ops": 68299.98,
      "margin": 0.2
    },
    {
      "name": "Get 50th element from Decoded",
      "ops": 31269.64,
      "margin": 0.45
    },
    {
      "name": "Get 50th element from View",
      "ops": 38404.07,
      "margin": 2.02
    },
    {
      "name": "Get last element from Decoded",
      "ops": 31315.47,
      "margin": 0.33
    },
    {
      "name": "Get last element from View",
      "ops": 27069.69,
      "margin": 0.6
    }
  ],
  "fastest": {
    "name": "Get first element from View",
    "index": 1
  },
  "slowest": {
    "name": "Get last element from Decoded",
    "index": 4
  }
}
