{
  "name": "Logger",
  "date": "2024-09-02T20:32:34.656Z",
  "version": null,
  "results": [
    {
      "name": "console.log with string concat",
      "ops": 220525.59,
      "margin": 1.1,
      "percentSlower": 0
    },
    {
      "name": "console.log with args",
      "ops": 117834.49,
      "margin": 1.18,
      "percentSlower": 46.57
    }
  ],
  "fastest": {
    "name": "console.log with string concat",
    "index": 0
  },
  "slowest": {
    "name": "console.log with args",
    "index": 1
  }
}