{
  "name": "Wrapping Multiplication",
  "date": "2024-09-02T04:51:58.690Z",
  "version": null,
  "results": [
    {
      "name": "multiply and bring back to u32",
      "ops": 145369026.23,
      "margin": 5.03,
      "percentSlower": 0
    },
    {
      "name": "multiply and take modulus",
      "ops": 141065889.97,
      "margin": 5.62,
      "percentSlower": 2.96
    }
  ],
  "fastest": {
    "name": "multiply and bring back to u32",
    "index": 0
  },
  "slowest": {
    "name": "multiply and take modulus",
    "index": 1
  }
}